// Jest Snapshot v1, https://goo.gl/fbAQLP

exports[`Test the landing page renders correctly 1`] = `
<div
  className="main"
>
  <div>
    <div
      className="MuiInputBase-root MuiOutlinedInput-root MuiInputBase-colorPrimary LanguageDropdown css-jb90b-MuiInputBase-root-MuiOutlinedInput-root-MuiSelect-root"
      onClick={[Function]}
    >
      <div
        aria-expanded="false"
        aria-haspopup="listbox"
        className="MuiSelect-select MuiSelect-outlined MuiInputBase-input MuiOutlinedInput-input css-11u53oe-MuiSelect-select-MuiInputBase-input-MuiOutlinedInput-input"
        onBlur={[Function]}
        onFocus={[Function]}
        onKeyDown={[Function]}
        onMouseDown={[Function]}
        role="button"
        tabIndex={0}
      >
        <span
          className="notranslate"
        >
          ​
        </span>
      </div>
      <input
        aria-hidden={true}
        className="MuiSelect-nativeInput css-yf8vq0-MuiSelect-nativeInput"
        data-testid="LanguageDropdown"
        onAnimationStart={[Function]}
        onChange={[Function]}
        tabIndex={-1}
        value={null}
      />
      <svg
        aria-hidden={true}
        className="MuiSvgIcon-root MuiSvgIcon-fontSizeMedium MuiSelect-icon MuiSelect-iconOutlined css-hfutr2-MuiSvgIcon-root-MuiSelect-icon"
        data-testid="ArrowDropDownIcon"
        focusable="false"
        viewBox="0 0 24 24"
      >
        <path
          d="M7 10l5 5 5-5z"
        />
      </svg>
      <fieldset
        aria-hidden={true}
        className="MuiOutlinedInput-notchedOutline css-1d3z3hw-MuiOutlinedInput-notchedOutline"
      >
        <legend
          className="css-ihdtdm"
        >
          <span
            className="notranslate"
          >
            ​
          </span>
        </legend>
      </fieldset>
    </div>
  </div>
  <div>
    <div>
      Current Language: 
       
      <br />
      previousText
       
      <br />
      nextText
       
      <br />
      spellcheckText
       
      <br />
    </div>
  </div>
</div>
`;
